╭─────────────────── Approval Required ────────────────────╮
│                                                          │
│ Tool: write_file                                         │
│ Operation: edit                                          │
│                                                          │
│ File: pkg/main.go                                        │
│                                                          │
│ Changes:                                                 │
│ ┌──────────────────────────────────────────────────────┐ │
│ │  package main                                        │ │
│ │                                                      │ │
│ │- func oldFunc() {}                                   │ │
│ │+ func newFunc() {}                                   │ │
│ └──────────────────────────────────────────────────────┘ │
│ +1 lines, -1 lines                                       │
│                                                          │
│           [A]llow    [D]eny    A[l]ways allow            │
╰──────────────────────────────────────────────────────────╯
