╭─────────────────── Approval Required ────────────────────╮                    
│                                                          │                    
│ Tool: run_shell                                          │                    
│ Operation: execute                                       │                    
│                                                          │                    
│ Run a shell command                                      │                    
│                                                          │                    
│ Command:                                                 │                    
│ ┌──────────────────────────────────────────────────────┐ │                    
│ │ rm -rf node_modules                                  │ │                    
│ └──────────────────────────────────────────────────────┘ │                    
│                                                          │                    
│           [A]llow    [D]eny    A[l]ways allow            │                    
╰──────────────────────────────────────────────────────────╯                    
                                                                                
                                                                                
                                                                                
                                                                                
                                                                                
                                                                                
                                                                                
                                                                                
                                                                                
                                                                                
                                                                                
