                                                            
                                                            
╭───────────────────────── Commands ───────────────────────╮
│ > █                                                      │
│──────────────────────────────────────────────────────────│
│ Session                                                  │
│  New Conversation                                   /new │
│  Clear Messages                                   /clear │
│ View                                                     │
╰──────────────────────────────────────────────────────────╯
                                                            
                                                            
