│▼ Current Task               
│  Building project           
│  ████████████████░░░░░░░░░ 6
│                             
│▼ Plan (1/3)                 
│  ✓ Setup environment        
│  → Write tests              
│  ○ Deploy to prod           
│▼ Tools Running              
│  ⟳ shell                    
│      go test ./...          
│▶ Recent Files               
│                             
│                             
│                             
│                             
│                             
│                             
│                             
│                             
